Errors:

Not getting an error from my getUser when entering a wrong user id in the addressfield